"""
>>> BaseGeometry = __import__('7-base_geometry').BaseGeometry()
>>> BaseGeometry.integer_validator()
Traceback (most recent call last):
TypeError: BaseGeometry.integer_validator() missing 2 required positional arguments: 'name' and 'value'

>>> BaseGeometry.integer_validator(None, None)
Traceback (most recent call last):
TypeError: None must be an integer

>>> BaseGeometry.integer_validator("None", "None")
Traceback (most recent call last):
TypeError: None must be an integer

>>> BaseGeometry.integer_validator("None", -4)
Traceback (most recent call last):
ValueError: None must be greater than 0

>>> BaseGeometry.integer_validator("None", float("inf"))
Traceback (most recent call last):
TypeError: None must be an integer

>>> BaseGeometry.integer_validator("my_int", 12)

"""